Γû▓ Next.js 16.2.9 (Turbopack)
- Environments: .env.local, .env.production

  Creating an optimized production build ...
Γ£ô Compiled successfully in 24.9s
  Running TypeScript ...
  Finished TypeScript in 36.8s ...
  Collecting page data using 7 workers ...
node.exe : 
At line:1 char:1
+ & "C:\Program Files\nodejs/node.exe" "C:\Program Files\nodejs/node_mo ...
+ ~~~~~~~~~~~~~~~~~~~~~~~~~~~~~~~~~~~~~~~~~~~~~~~~~~~~~~~~~~~~~~~~~~~~~
    + CategoryInfo          : NotSpecified: (:String) [], RemoteException
    + FullyQualifiedErrorId : NativeCommandError
 
> Build error occurred
Error: Page "/super-admin/pharmacies/[id]/branches/new" is missing "generateStaticParams()" so it cannot be used with 
"output: export" config.
    at ignore-listed frames
